normal points loaded: 7630
  by reflector: {'apollo11': 1145, 'apollo14': 986, 'apollo15': 3651, 'luna17': 941, 'luna21': 907}
  by station:   {'GRSM': 5777, 'MATM': 919, 'APOL': 903, 'MDOL': 31}

inter-reflector pairings: 15329, across 29 (pair, station) series
detrend window 40 d  ->  coverage runs from 2 d to 20 d

  pair                   stn       n best P (d)    power         p  verdict
  apollo11/apollo15      GRSM   2048      2.782    0.012    0.0025  CONTROL: anomalistic/10 = 2.7555 d
  apollo14/apollo15      APOL    666      3.357    0.033    0.0050  CONTROL: draconic/8 = 3.4015 d
  apollo11/apollo15      APOL    678      1.511    0.028    0.0075  CONTROL: half-anomalistic/9 = 1.5308 d
  apollo11/apollo15      MATM    105      1.598    0.058    0.1421  
  apollo14/apollo15      GRSM   1584      2.861    0.010    0.1521  
  apollo11/luna21        APOL    154      1.583    0.046    0.1571  
  apollo14/luna21        APOL    140      1.583    0.056    0.1820  
  apollo14/luna21        GRSM    632      4.069    0.025    0.1870  
  luna17/luna21          GRSM   1019      4.186    0.015    0.1895  CONTROL: synodic/7 = 4.2187 d
  apollo11/luna17        GRSM    718      4.186    0.018    0.5137  CONTROL: synodic/7 = 4.2187 d
  apollo15/luna17        APOL    340      2.128    0.025    0.5586  CONTROL: anomalistic/13 = 2.1196 d
  apollo14/luna17        GRSM    712      3.518    0.014    0.8678  
  apollo14/apollo15      MATM     63      1.621    0.032    0.9027  CONTROL: half-synodic/9 = 1.6406 d
  luna17/luna21          APOL    135      1.715    0.028    0.9177  CONTROL: half-anomalistic/8 = 1.7222 d
  apollo15/luna17        GRSM   1602      9.522    0.006    0.9701  
  apollo15/luna21        GRSM   1463      3.099    0.006    0.9726  CONTROL: anomalistic/9 = 3.0616 d
  apollo11/luna21        GRSM    827      4.620    0.009    0.9850  CONTROL: anomalistic/6 = 4.5924 d
  apollo11/apollo14      APOL    425      1.621    0.003    0.9950  CONTROL: half-synodic/9 = 1.6406 d
  apollo11/apollo14      GRSM    989      4.108    0.004    1.0000  
  apollo11/luna17        APOL    240      1.583    0.003    1.0000  
  apollo14/luna17        APOL    231      1.583    0.008    1.0000  
  apollo15/luna21        APOL    204      2.138    0.014    1.0000  CONTROL: anomalistic/13 = 2.1196 d
  apollo15/luna21        MATM     82      1.731    0.005    1.0000  CONTROL: half-anomalistic/8 = 1.7222 d
  apollo11/luna21        MATM     63      1.731    0.001    1.0000  CONTROL: half-anomalistic/8 = 1.7222 d

  24 series tested, Bonferroni threshold p < 0.00208

saved ~/llr_interref.json
