quadruple: TSI / F10.7 / cosmic ray / X-ray bg
432 jobs (9 amplitudes x 24 reps x 2 modes), 400 surrogates each

89.1 s

  === mode A: one-channel quantised modulation ===
       eps     3rd-diff        cross    quad-prod
      0.00 0.00 (0.002) 0.00 (0.002) 0.00 (0.002)
      0.02 0.00 (0.002) 0.00 (0.002) 0.00 (0.002)
      0.05 0.00 (0.002) 0.00 (0.002) 0.00 (0.002)
      0.10 0.00 (0.002) 0.00 (0.002) 0.00 (0.002)
      0.20 0.00 (0.002) 0.00 (0.002) 0.00 (0.002)
      0.35 0.00 (0.002) 0.00 (0.002) 0.00 (0.002)
      0.50 0.00 (0.002) 0.00 (0.002) 0.00 (0.002)
      0.75 0.00 (0.002) 0.00 (0.002) 0.00 (0.002)
      1.00 0.00 (0.002) 0.00 (0.002) 0.00 (0.002)

  === mode B: four-way-exclusive alignment ===
       eps     3rd-diff        cross    quad-prod
      0.00 0.00 (0.002) 0.00 (0.002) 0.00 (0.002)
      0.02 0.00 (0.002) 0.00 (0.002) 0.00 (0.002)
      0.05 0.00 (0.002) 0.00 (0.002) 0.00 (0.002)
      0.10 0.00 (0.002) 0.00 (0.002) 0.00 (0.002)
      0.20 0.00 (0.002) 0.00 (0.002) 0.00 (0.002)
      0.35 0.00 (0.004) 0.00 (0.002) 0.00 (0.025)
      0.50 0.00 (0.453) 0.00 (0.002) 0.00 (0.046)
      0.75 0.00 (0.682) 0.00 (0.002) 0.00 (0.056)
      1.00 0.00 (0.677) 0.00 (0.002) 0.00 (0.049)

recovery fraction (median p) at Bonferroni alpha=1.11e-03
