joint fit: timing model + 30 Fourier pairs + step

  pulsar           nTOA max|S/N|  null 95%        p
libstempo not installed. PINT or libstempo are required to use par and tim files.
  B1855+09         7758    73.61    110.68   0.2886 
  B1937+21        23023  8391.59  14836.57   0.4975 
  B1937+21ao       7241  4940.87   5078.88   0.0796 
  B1937+21gbt     16048  4883.61   7259.12   0.3881 
  B1953+29         5126     9.02     10.29   0.1692 
  J0023+0923      15896     0.31     41.83   1.0000 
  J0030+0451      19571    50.55    122.19   0.7065 
  J0340+4130      11093     0.49      3.89   0.9851 
  J0613-0200      17124    73.30     68.07   0.0398 <-- excess
  J0636+5128      32222     0.36     13.86   1.0000 
  J0645+5158      10403     1.68    108.13   1.0000 
  J0740+6620      13401     1.48     19.93   1.0000 
  J0931-1902       5473     0.18     12.46   1.0000 
  J1012+5307      25837    41.17     69.55   0.3682 
  J1022+1001       3978    19.94     62.39   0.8209 
  J1024-0719      12635     0.21     32.20   1.0000 
  J1125+7819       8723    12.69     32.33   0.7413 
  J1453+1902       2551     3.30     12.36   0.9353 
  J1455-3330      10818     1.05     22.05   1.0000 
  J1600-3053      22955     8.79     22.01   0.8109 
  J1600-3053gbt   19725     7.57     22.63   0.9602 
  J1614-2230      18445    14.30     20.21   0.3781 
  J1640+2224      14066    10.29     87.16   0.9950 
  J1643-1224      17932    21.24     38.86   0.6567 
  J1643-1224gbt   17932    23.99     39.57   0.5572 
  J1713+0747      32963    97.24    216.91   0.6567 
  J1713+0747ao    21362   161.45    208.03   0.3234 
  J1713+0747gbt   32963   103.59    211.05   0.6070 
  J1738+0333       8790     0.73     54.61   1.0000 
  J1741+1351       5582     2.72     42.51   1.0000 
  J1744-1134      17745   113.53    142.83   0.1841 
  J1747-4036      11055    31.48     33.91   0.1244 
  J1832-0836       7739     0.24     13.08   1.0000 
  J1853+1303       4570    10.53     27.60   0.7413 
  J1903+0327       6856    63.38     66.59   0.0945 
  J1903+0327ao     6423    68.23     72.30   0.0945 
  J1909-3744      35037   184.80    263.60   0.3383 
  J1909-3744gbt   31526   199.71    297.85   0.4129 
  J1910+1256       6486     1.96     14.64   1.0000 
  J1911+1347       3786     0.23     42.71   1.0000 
  J1918-0642      18875     0.93     23.86   1.0000 
  J1923+2515       3974     1.32     18.85   1.0000 
  J1944+0907       5328     3.90     45.70   0.9950 
  J1946+3417       4743    21.64     27.10   0.2189 
  J2010-1323      17077     1.22     10.67   1.0000 
  J2017+0603       3512     0.21     22.53   1.0000 
  J2033+1734       3847     1.51      9.93   0.9851 
  J2043+1711       7397     2.03     21.40   1.0000 
  J2145-0750      18675    79.36     61.69   0.0249 <-- excess
  J2214+3000       7406     0.17     45.31   1.0000 
  J2229+2643       3711     2.08     38.32   1.0000 
  J2234+0611       3566     9.04     51.21   0.9154 
  J2234+0944       7535     0.24     42.58   1.0000 
  J2302+4442      10211     0.49     11.00   1.0000 
  J2317+1439      13927     4.60     64.17   1.0000 
  J2322+2057       3088     0.28     18.01   1.0000 

=== null calibration ===
  56 pulsars   median p = 0.948 (uniform expects 0.500)
  KS vs uniform: D = 0.467, p = 0.0000  -> still not uniform
  p<0.05: 2 (expect 2.8)   Bonferroni 0.00089   min p 0.0249

saved ~/ng_joint.json
