pulsars: 76

  pulsar           nTOA span/yr    rms/us max|S/N| null 95%        p
libstempo not installed. PINT or libstempo are required to use par and tim files.
  B1855+09         7758   15.59     3.294    73.97   111.44   0.2786 
  B1937+21        23023   15.87     6.393  8350.18 14851.20   0.5124 
  B1937+21ao       7241   15.45     3.374  4952.88  5082.76   0.0796 
  B1937+21gbt     16048   15.55     4.063  4900.62  7284.56   0.3881 
  B1953+29         5126   11.13     6.085     9.04    10.29   0.1642 
  J0023+0923      15896    9.02     6.015     0.31    41.85   1.0000 
  J0030+0451      19571   15.53     5.183    50.54   122.30   0.7065 
  J0340+4130      11093    8.13     7.711     0.48     3.91   0.9851 
  J0613-0200      17124   15.04     3.263    73.60    68.42   0.0398 <-- excess
  J0636+5128      32222    6.30     6.039     0.36    13.84   1.0000 
  J0645+5158      10403    8.86     3.701     1.68   109.85   1.0000 
  J0740+6620      13401    6.31     4.443     1.58    20.03   1.0000 
  J0931-1902       5473    7.10     9.242     0.18    12.63   1.0000 
  J1012+5307      25837   15.53     7.941    41.33    69.81   0.3682 
  J1022+1001       3978    5.55     6.563    20.60    63.71   0.8259 
  J1024-0719      12635   10.47     8.803     0.21    33.68   1.0000 
  J1125+7819       8723    6.30    13.845    12.73    33.12   0.7214 
  J1453+1902       2551    7.00    13.077     3.31    12.32   0.9353 
  J1455-3330      10818   15.67    13.195     1.05    22.08   1.0000 
  J1600-3053      22955   12.47     2.618     8.79    21.98   0.8109 
  J1600-3053gbt   19725   12.43     2.079     7.56    22.63   0.9602 
  J1614-2230      18445   11.54     3.233    14.49    20.39   0.3731 
  J1640+2224      14066   15.47     3.571    10.29    87.17   0.9950 
  J1643-1224      17932   15.67     3.873    21.24    38.86   0.6567 
  J1643-1224gbt   17932   15.67     3.880    24.00    39.57   0.5572 
  J1713+0747      32963   14.08     2.311    97.33   217.10   0.6567 
  J1713+0747ao    21362   15.47     1.289   161.39   207.92   0.3234 
  J1713+0747gbt   32963   14.08     2.311   103.74   211.33   0.6070 
  J1738+0333       8790   10.73     5.057     0.72    54.58   1.0000 
  J1741+1351       5582   11.01     2.405     2.71    42.64   1.0000 
  J1744-1134      17745   15.67     2.835   113.83   143.02   0.1841 
  J1747-4036      11055    8.12     7.321    31.52    34.43   0.1244 
  J1832-0836       7739    7.09     3.089     0.23    13.16   1.0000 
  J1853+1303       4570    9.09     4.396    10.68    27.58   0.7363 
  J1903+0327       6856   10.73     6.240    63.30    66.93   0.1144 
  J1903+0327ao     6423   10.73     6.444    68.08    71.74   0.0945 
  J1909-3744      35037   15.49     1.178   184.86   263.63   0.3383 
  J1909-3744gbt   31526   15.47     1.184   199.78   298.43   0.4129 
  J1910+1256       6486   11.43     3.606     1.99    14.66   0.9950 
  J1911+1347       3786    6.99     3.634     0.23    43.45   1.0000 
  J1918-0642      18875   15.48     5.530     0.93    23.90   1.0000 
  J1923+2515       3974    8.96     6.344     1.31    19.03   1.0000 
  J1944+0907       5328   12.46     8.417     3.90    45.89   0.9950 
  J1946+3417       4743    5.73     3.469    22.38    28.32   0.2239 
  J2010-1323      17077   10.53     5.277     1.22    10.70   1.0000 
  J2017+0603       3512    8.32     2.676     0.21    22.87   1.0000 
  J2033+1734       3847    6.97     7.517     1.49    10.03   0.9900 
  J2043+1711       7397    9.05     1.593     2.03    21.37   1.0000 
  J2145-0750      18675   15.54     7.856    79.44    61.84   0.0249 <-- excess
  J2214+3000       7406    8.42     7.305     0.17    45.37   1.0000 
  J2229+2643       3711    7.03     8.201     2.08    38.63   1.0000 
  J2234+0611       3566    6.54     3.248     9.27    51.00   0.9104 
  J2234+0944       7535    7.10     5.755     0.23    43.93   1.0000 
  J2302+4442      10211    8.13    10.835     0.50    11.21   1.0000 
  J2317+1439      13927   15.65     5.248     4.60    64.23   1.0000 
  J2322+2057       3088    5.45     6.757     0.28    18.07   1.0000 

saved ~/ng_step.json  (56 pulsars)

=== sensitivity: 95% recovery in fractional frequency step ===
  J1909-3744   thr  265.7   1e-13:100% 3e-13:100% 1e-12:100% 3e-12:100% 1e-11:100%   95% at 1.0e-13
  J1909-3744gbt thr  294.7   1e-13:100% 3e-13:100% 1e-12:100% 3e-12:100% 1e-11:100%   95% at 1.0e-13
  J1713+0747ao thr  215.7   1e-13:100% 3e-13:100% 1e-12:100% 3e-12:100% 1e-11:100%   95% at 1.0e-13
