targets (s):         5.900   5.910   5.555   2.975   2.721
* = above that series' own threshold

learmonth:
  channel   245 MHz          n=32 thr= 2.90    1.05    1.14    1.01    1.34    1.10 
  channel   410 MHz          n=32 thr= 2.90    1.07    1.07    0.99    1.12    1.11 
  channel   610 MHz          n=32 thr= 2.87    5.81*   2.84    2.57    2.67    1.61 
  channel  1415 MHz          n=32 thr= 2.90    0.84    0.89    1.24    1.22    1.13 
  channel  2695 MHz          n=32 thr= 2.90    0.99    0.99    0.99    1.04    1.04 
  channel  4995 MHz          n=32 thr= 2.90    1.08    1.10    0.97    0.90    1.04 
  channel  8800 MHz          n=31 thr= 2.93    1.00    1.00    1.00    1.00    1.01 
  channel 15400 MHz          n=32 thr= 2.90    1.00    1.00    0.99    1.00    1.00 
  ratio 245/15400            n=32 thr= 2.89    0.99    1.04    1.02    1.12    1.00 
  ratio 410/8800             n=31 thr= 2.93    0.98    0.91    1.01    1.02    0.98 

palehua:
  channel   245 MHz          n=36 thr= 2.80    1.15    0.75    1.24    1.05    1.24 
  channel   410 MHz          n=35 thr= 2.82    1.56    1.56    2.49    1.23    1.70 
  channel   610 MHz          n=32 thr= 2.90    1.15    1.10    1.15    1.82    1.12 
  channel  1415 MHz          n=36 thr= 2.79    0.95    0.83    1.17    1.40    1.63 
  channel  2695 MHz          n=36 thr= 2.80    1.15    1.46    1.02    1.07    1.32 
  channel  4995 MHz          n=36 thr= 2.80    1.69    2.32    1.49    1.18    2.07 
  channel  8800 MHz          n=35 thr= 2.82    1.39    1.74    1.07    1.83    0.93 
  channel 15400 MHz          n=35 thr= 2.82    1.59    1.73    1.62    1.39    1.18 
  ratio 245/15400            n=35 thr= 2.82    1.45    1.80    1.16    1.19    1.29 
  ratio 410/8800             n=34 thr= 2.84    0.99    1.49    1.63    1.12    1.34 

san-vito:
  channel   245 MHz          n=35 thr= 2.82    0.99    1.04    1.35    1.08    1.48 
  channel   410 MHz          n=35 thr= 2.80    0.85    1.00    1.47    0.77    0.98 
  channel   610 MHz          n=35 thr= 2.82    0.65    0.68    0.83    1.07    1.09 
  channel  1415 MHz          n=35 thr= 2.82    1.09    1.08    0.76    1.16    1.00 
  channel  2695 MHz          n=35 thr= 2.82    2.37    2.39    1.08    1.01    1.07 
  channel  4995 MHz          n=35 thr= 2.82    0.71    0.68    1.06    1.06    1.43 
  channel  8800 MHz          n=35 thr= 2.82    0.85    0.85    1.41    1.16    0.72 
  channel 15400 MHz          n=35 thr= 2.82    0.80    0.82    0.90    0.94    0.94 
  ratio 245/15400            n=35 thr= 2.81    0.77    0.81    1.04    1.19    0.65 
  ratio 410/8800             n=35 thr= 2.82    1.00    1.07    1.30    0.96    1.20 

