VIRGO TSI minute: 14199837 samples, 92.8% present, 27.00 yr
  NO highpass in this product -- reaches the band SPM cannot
  residual rms 62.4 ppm per minute

GATE 1 -- the five-minute oscillation must be recovered
    envelope peak 3.0753 mHz (R=2.13)   PASS

BLIND NARROWBAND SEARCH -- 7093528 bins, threshold R > 27.1
    f = 5.607681e-03 Hz   period       2.97 min   R =   2014.3
    f = 5.503430e-03 Hz   period       3.03 min   R =   1733.3
    f = 5.503431e-03 Hz   period       3.03 min   R =   1323.1
    f = 8.310185e-03 Hz   period       2.01 min   R =   1077.3
    f = 5.607682e-03 Hz   period       2.97 min   R =   1038.0
    f = 2.347445e-09 Hz   period      4930.50 d   R =   1037.9
    f = 8.298611e-03 Hz   period       2.01 min   R =    925.4
    f = 3.521167e-09 Hz   period      3287.00 d   R =    889.9
    f = 5.503433e-03 Hz   period       3.03 min   R =    863.9
    f = 5.607679e-03 Hz   period       2.97 min   R =    861.4
    f = 5.607680e-03 Hz   period       2.97 min   R =    849.3
    f = 5.711929e-03 Hz   period       2.92 min   R =    707.0
    f = 5.503432e-03 Hz   period       3.03 min   R =    668.5
    f = 5.503429e-03 Hz   period       3.03 min   R =    645.6
    f = 5.607677e-03 Hz   period       2.97 min   R =    633.2
    f = 5.399182e-03 Hz   period       3.09 min   R =    541.1
    f = 5.520834e-03 Hz   period       3.02 min   R =    515.1
    f = 5.399183e-03 Hz   period       3.09 min   R =    427.9
    f = 5.711930e-03 Hz   period       2.92 min   R =    356.8
    f = 8.310186e-03 Hz   period       2.01 min   R =    348.6

GATE 2 -- cross-product: does a candidate appear in the SPM photometers?
    5.607681e-03 Hz  TSI R=  2014.3   B     1.8  G     0.9  R     4.1  
    5.503430e-03 Hz  TSI R=  1733.3   B     3.0  G     3.6  R     3.2  
    5.503431e-03 Hz  TSI R=  1323.1   B     5.1  G     4.5  R     5.0  
    8.310185e-03 Hz  TSI R=  1077.3   B     3.8  G     2.7  R     2.1  
    5.607682e-03 Hz  TSI R=  1038.0   B     1.5  G     1.0  R     2.7  
    2.347445e-09 Hz  TSI R=  1037.9   B     3.3  G     2.0  R     1.4  
    8.298611e-03 Hz  TSI R=   925.4   B     1.8  G     3.8  R     3.5  
    3.521167e-09 Hz  TSI R=   889.9   B     3.3  G     2.0  R     1.4  

  479 s
